$ tsc -b && vite build
vite v5.4.21 building for production...
transforming...
✓ 4383 modules transformed.
rendering chunks...
computing gzip size...
dist/index.html                                              3.77 kB │ gzip:   1.11 kB
dist/assets/pdf.worker-B1D2UnXD.mjs                      2,161.15 kB
dist/assets/vendor-maps-3yaWYNWa.css                         1.20 kB │ gzip:   0.38 kB
dist/assets/index-CJLe6vKh.css                             216.14 kB │ gzip:  36.54 kB
dist/assets/orgUtils-DMT144eE.js                             0.10 kB │ gzip:   0.11 kB
dist/assets/collapsible-B0oBUFfy.js                          0.11 kB │ gzip:   0.11 kB
dist/assets/skeleton-kwsUB1ZS.js                             0.23 kB │ gzip:   0.19 kB
dist/assets/aiTelemetry-BjyiYtb-.js                          0.23 kB │ gzip:   0.19 kB
dist/assets/_commonjs-dynamic-modules-TDtrdbi3.js            0.24 kB │ gzip:   0.19 kB
dist/assets/check-frMwjMSL.js                                0.30 kB │ gzip:   0.25 kB
dist/assets/play-BRoUUOqC.js                                 0.31 kB │ gzip:   0.26 kB
dist/assets/bluetooth-JjqK3XV8.js                            0.32 kB │ gzip:   0.26 kB
dist/assets/moon-DEcV4DFV.js                                 0.32 kB │ gzip:   0.26 kB
dist/assets/loader-circle-B0akueLL.js                        0.32 kB │ gzip:   0.26 kB
dist/assets/square-cpfHOrb-.js                               0.33 kB │ gzip:   0.26 kB
dist/assets/navigation-2-BqQl8wid.js                         0.33 kB │ gzip:   0.26 kB
dist/assets/plus-CE0HvM2M.js                                 0.33 kB │ gzip:   0.26 kB
dist/assets/x-Dv3WSFoM.js                                    0.33 kB │ gzip:   0.26 kB
dist/assets/filter-CVRhqXMY.js                               0.34 kB │ gzip:   0.27 kB
dist/assets/arrow-right-lfOLNaeU.js                          0.34 kB │ gzip:   0.27 kB
dist/assets/arrow-left-DHwcwpd7.js                           0.34 kB │ gzip:   0.27 kB
dist/assets/arrow-up-right-BsQnctW-.js                       0.35 kB │ gzip:   0.27 kB
dist/assets/search-6BCJZvTP.js                               0.35 kB │ gzip:   0.28 kB
dist/assets/ban-BxMiz6Ef.js                                  0.35 kB │ gzip:   0.27 kB
dist/assets/bugReportStatus-CGowmFCY.js                      0.35 kB │ gzip:   0.23 kB
dist/assets/circle-check-BpANOUH6.js                         0.36 kB │ gzip:   0.28 kB
dist/assets/message-square-Sq0rG5S_.js                       0.36 kB │ gzip:   0.28 kB
dist/assets/check-check-Bz27RYMY.js                          0.36 kB │ gzip:   0.28 kB
dist/assets/user-round-CA4eodAO.js                           0.36 kB │ gzip:   0.28 kB
dist/assets/clock-C9KM6ls6.js                                0.36 kB │ gzip:   0.28 kB
dist/assets/ListCardRow-CmTcorAa.js                          0.36 kB │ gzip:   0.24 kB
dist/assets/clock-3-_3AaR0ah.js                              0.37 kB │ gzip:   0.28 kB
dist/assets/circle-check-big-D84J1Xja.js                     0.37 kB │ gzip:   0.29 kB
dist/assets/circle-play-sikEsx5N.js                          0.37 kB │ gzip:   0.28 kB
dist/assets/smartphone-BFtIK4dT.js                           0.38 kB │ gzip:   0.29 kB
dist/assets/rotate-ccw-B7cAQZQN.js                           0.38 kB │ gzip:   0.29 kB
dist/assets/trending-up-DFrdCWxq.js                          0.38 kB │ gzip:   0.29 kB
dist/assets/info-zlBryG3j.js                                 0.38 kB │ gzip:   0.28 kB
dist/assets/toggle-left-Drr7Zo-C.js                          0.39 kB │ gzip:   0.29 kB
dist/assets/lock-BzLO563i.js                                 0.39 kB │ gzip:   0.30 kB
dist/assets/circle-plus-DJQsaJKz.js                          0.39 kB │ gzip:   0.29 kB
dist/assets/circle-x-Bh-ssxO4.js                             0.39 kB │ gzip:   0.28 kB
dist/assets/credit-card-CDxkrJei.js                          0.39 kB │ gzip:   0.29 kB
dist/assets/useKeyAuditEnabled-CNjsjrpP.js                   0.39 kB │ gzip:   0.30 kB
dist/assets/trending-down-yDcIsnv3.js                        0.39 kB │ gzip:   0.28 kB
dist/assets/toggle-right-De53R2ef.js                         0.39 kB │ gzip:   0.29 kB
dist/assets/square-parking-BR2BC2IU.js                       0.39 kB │ gzip:   0.30 kB
dist/assets/table-2-Dj78K0cC.js                              0.40 kB │ gzip:   0.29 kB
dist/assets/mail-D_-qJ0fy.js                                 0.40 kB │ gzip:   0.31 kB
dist/assets/dollar-sign-BNOVA9ZL.js                          0.40 kB │ gzip:   0.30 kB
dist/assets/flag-CTumkE-D.js                                 0.40 kB │ gzip:   0.30 kB
dist/assets/briefcase-C1d45F_S.js                            0.40 kB │ gzip:   0.30 kB
dist/assets/ellipsis-DDpwXrYP.js                             0.41 kB │ gzip:   0.27 kB
dist/assets/activity-CgBCca1r.js                             0.41 kB │ gzip:   0.31 kB
dist/assets/pen-CGocqnRI.js                                  0.42 kB │ gzip:   0.31 kB
dist/assets/copy-CHenYHWQ.js                                 0.42 kB │ gzip:   0.31 kB
dist/assets/history-CAKKvAVx.js                              0.42 kB │ gzip:   0.30 kB
dist/assets/timer-C1A7y5e4.js                                0.42 kB │ gzip:   0.29 kB
dist/assets/link-2-Bl6B1gzG.js                               0.42 kB │ gzip:   0.31 kB
dist/assets/globe-CKr2cbXr.js                                0.42 kB │ gzip:   0.30 kB
dist/assets/database-DZEy7mWq.js                             0.42 kB │ gzip:   0.31 kB
dist/assets/heart-D_2Vmg7L.js                                0.43 kB │ gzip:   0.32 kB
dist/assets/wind-BOIgLHL1.js                                 0.43 kB │ gzip:   0.30 kB
dist/assets/file-warning-CUAHlnWs.js                         0.43 kB │ gzip:   0.30 kB
dist/assets/camera-CIMdgusq.js                               0.43 kB │ gzip:   0.31 kB
dist/assets/video-MH06V4LY.js                                0.43 kB │ gzip:   0.32 kB
dist/assets/circle-alert-BVSkVjGD.js                         0.43 kB │ gzip:   0.29 kB
dist/assets/chart-column-DU899leR.js                         0.43 kB │ gzip:   0.30 kB
dist/assets/external-link-DLqWaGZ5.js                        0.43 kB │ gzip:   0.31 kB
dist/assets/user-check-DZyVjsJP.js                           0.43 kB │ gzip:   0.32 kB
dist/assets/enforcementPhase4-BpquGbB7.js                    0.43 kB │ gzip:   0.27 kB
dist/assets/archive-yD0ncqa4.js                              0.43 kB │ gzip:   0.31 kB
dist/assets/route-HXb2viG4.js                                0.43 kB │ gzip:   0.31 kB
dist/assets/eye-Ux7RhLk2.js                                  0.44 kB │ gzip:   0.31 kB
dist/assets/person-standing-DVqgNTYe.js                      0.44 kB │ gzip:   0.31 kB
dist/assets/upload-CEhEG8qH.js                               0.44 kB │ gzip:   0.32 kB
dist/assets/calendar-tXklW2VW.js                             0.44 kB │ gzip:   0.31 kB
dist/assets/chart-no-axes-column-B7TBC2lt.js                 0.44 kB │ gzip:   0.29 kB
dist/assets/map-pin-Cbvniwr_.js                              0.44 kB │ gzip:   0.33 kB
dist/assets/useOrganizations-BgskEZAu.js                     0.44 kB │ gzip:   0.30 kB
dist/assets/zap--q_xNH3Z.js                                  0.44 kB │ gzip:   0.31 kB
dist/assets/download-RKsIiJNl.js                             0.44 kB │ gzip:   0.32 kB
dist/assets/triangle-alert-hCmC8uqj.js                       0.44 kB │ gzip:   0.32 kB
dist/assets/key-DpSAnP-w.js                                  0.44 kB │ gzip:   0.32 kB
dist/assets/leaf-BxZQ80EY.js                                 0.45 kB │ gzip:   0.33 kB
dist/assets/image-V6dag9i6.js                                0.45 kB │ gzip:   0.33 kB
dist/assets/mic-BjRQxZXw.js                                  0.45 kB │ gzip:   0.32 kB
dist/assets/separator-bs11b-lE.js                            0.45 kB │ gzip:   0.30 kB
dist/assets/chart-pie-DkDRNg1d.js                            0.45 kB │ gzip:   0.33 kB
dist/assets/pencil-Jyc6lqtX.js                               0.46 kB │ gzip:   0.33 kB
dist/assets/label-Dlc-u-_B.js                                0.46 kB │ gzip:   0.29 kB
dist/assets/flame-D6mdyUTd.js                                0.46 kB │ gzip:   0.34 kB
dist/assets/book-open-CUorLikJ.js                            0.46 kB │ gzip:   0.31 kB
dist/assets/wifi-CsiPY9nY.js                                 0.46 kB │ gzip:   0.31 kB
dist/assets/scan-h9bmqCBX.js                                 0.47 kB │ gzip:   0.31 kB
dist/assets/send-H6jebbsY.js                                 0.47 kB │ gzip:   0.34 kB
dist/assets/folder-open-BMchRyOC.js                          0.47 kB │ gzip:   0.33 kB
dist/assets/ticket-x-CX6iBTsM.js                             0.48 kB │ gzip:   0.32 kB
dist/assets/zoom-in-B6-5cxrJ.js                              0.48 kB │ gzip:   0.31 kB
dist/assets/list-qcHz7hL3.js                                 0.48 kB │ gzip:   0.30 kB
dist/assets/clipboard-check-Csep1Pw7.js                      0.48 kB │ gzip:   0.34 kB
dist/assets/users-DOU2dhNu.js                                0.48 kB │ gzip:   0.33 kB
dist/assets/user-x-C1vozpDz.js                               0.49 kB │ gzip:   0.34 kB
dist/assets/tree-pine-DbyMPU7W.js                            0.49 kB │ gzip:   0.33 kB
dist/assets/flask-conical-BIlMu5mz.js                        0.49 kB │ gzip:   0.35 kB
dist/assets/user-plus-BkR6-4z6.js                            0.49 kB │ gzip:   0.34 kB
dist/assets/bell-ring-BeCKvaCY.js                            0.49 kB │ gzip:   0.34 kB
dist/assets/badge-check-CR3UKOZp.js                          0.50 kB │ gzip:   0.32 kB
dist/assets/languages-CfAv_-Ah.js                            0.50 kB │ gzip:   0.33 kB
dist/assets/shield-check-Crvy8AWw.js                         0.50 kB │ gzip:   0.35 kB
dist/assets/heart-pulse-oCT-muqC.js                          0.50 kB │ gzip:   0.35 kB
dist/assets/printer-wCWnPAle.js                              0.50 kB │ gzip:   0.34 kB
dist/assets/square-pen-B13zOWMY.js                           0.50 kB │ gzip:   0.34 kB
dist/assets/refresh-cw-BkTdEAhm.js                           0.50 kB │ gzip:   0.33 kB
dist/assets/calendar-check-2-CILQg22w.js                     0.51 kB │ gzip:   0.33 kB
dist/assets/tag-CnUHmNNL.js                                  0.51 kB │ gzip:   0.35 kB
dist/assets/save-CWk07s6X.js                                 0.51 kB │ gzip:   0.33 kB
dist/assets/scan-line-Cqf_tp8t.js                            0.51 kB │ gzip:   0.33 kB
dist/assets/graduation-cap-zwozi5cf.js                       0.51 kB │ gzip:   0.35 kB
dist/assets/progress-BKd7exL-.js                             0.51 kB │ gzip:   0.35 kB
dist/assets/server-B7Ju9gXm.js                               0.52 kB │ gzip:   0.32 kB
dist/assets/geo-695AzEvm.js                                  0.52 kB │ gzip:   0.32 kB
dist/assets/stethoscope-DVYasB6d.js                          0.52 kB │ gzip:   0.34 kB
dist/assets/PhotoWithFallback-CgsekNGT.js                    0.52 kB │ gzip:   0.35 kB
dist/assets/key-round-CbpDPxb8.js                            0.53 kB │ gzip:   0.36 kB
dist/assets/trash-2-CnCVWnfU.js                              0.54 kB │ gzip:   0.35 kB
dist/assets/layers-sy0-we72.js                               0.54 kB │ gzip:   0.34 kB
dist/assets/usePermissions-DgQUKUEb.js                       0.55 kB │ gzip:   0.34 kB
dist/assets/scale-CJsVDiWs.js                                0.55 kB │ gzip:   0.35 kB
dist/assets/radio-CrKq7Quk.js                                0.55 kB │ gzip:   0.36 kB
dist/assets/chevron-up-9uB1yD-q.js                           0.55 kB │ gzip:   0.29 kB
dist/assets/file-spreadsheet-CJxDJmv0.js                     0.56 kB │ gzip:   0.33 kB
dist/assets/textarea-r4AKbphG.js                             0.56 kB │ gzip:   0.36 kB
dist/assets/calendar-clock-CWrVWmS1.js                       0.56 kB │ gzip:   0.36 kB
dist/assets/badge-dollar-sign-D8PZ46xq.js                    0.56 kB │ gzip:   0.35 kB
dist/assets/homelessStatus-Cy4Fw5A4.js                       0.56 kB │ gzip:   0.28 kB
dist/assets/package-CZUcYdRs.js                              0.57 kB │ gzip:   0.36 kB
dist/assets/scan-search-BggvdKdA.js                          0.57 kB │ gzip:   0.36 kB
dist/assets/volume-2-BWoK2zWM.js                             0.57 kB │ gzip:   0.38 kB
dist/assets/phone-C3Hc-sj_.js                                0.57 kB │ gzip:   0.36 kB
dist/assets/map-pinned-BydCsvHW.js                           0.58 kB │ gzip:   0.40 kB
dist/assets/car-front-9se0pm-u.js                            0.58 kB │ gzip:   0.38 kB
dist/assets/truck-TskrNGuL.js                                0.59 kB │ gzip:   0.37 kB
dist/assets/car-D5eZYJej.js                                  0.59 kB │ gzip:   0.39 kB
dist/assets/clipboard-list-D-vOCDZQ.js                       0.59 kB │ gzip:   0.36 kB
dist/assets/calendar-range-CEZ2Dmd2.js                       0.59 kB │ gzip:   0.36 kB
dist/assets/scan-face-BhoB3wR8.js                            0.60 kB │ gzip:   0.36 kB
dist/assets/waypoints-CyHJMgOx.js                            0.60 kB │ gzip:   0.36 kB
dist/assets/mic-off-Lp-OYPHD.js                              0.60 kB │ gzip:   0.38 kB
dist/assets/map-DM5on4_0.js                                  0.61 kB │ gzip:   0.38 kB
dist/assets/package-x-wacyHoxw.js                            0.61 kB │ gzip:   0.40 kB
dist/assets/eye-off-ClNztbM6.js                              0.61 kB │ gzip:   0.38 kB
dist/assets/building-2-UZOZyzGy.js                           0.62 kB │ gzip:   0.35 kB
dist/assets/useClientOrgIds-DxgjTdyS.js                      0.62 kB │ gzip:   0.41 kB
dist/assets/useOperationalOrganization-B5qfWR4f.js           0.63 kB │ gzip:   0.31 kB
dist/assets/wifi-off-Ds0iE6oz.js                             0.64 kB │ gzip:   0.38 kB
dist/assets/image-off-BE8QUBpj.js                            0.65 kB │ gzip:   0.40 kB
dist/assets/trainingComposerBridge-B5TUyJe8.js               0.65 kB │ gzip:   0.38 kB
dist/assets/sun-uXkXYugP.js                                  0.65 kB │ gzip:   0.37 kB
dist/assets/star-Bxy0aFsq.js                                 0.65 kB │ gzip:   0.41 kB
dist/assets/input-DanjYeh8.js                                0.66 kB │ gzip:   0.39 kB
dist/assets/fileUpload-Bi5TOkcl.js                           0.67 kB │ gzip:   0.47 kB
dist/assets/calendar-days-k0PHpCW5.js                        0.67 kB │ gzip:   0.37 kB
dist/assets/log-out-B0pgKN9Q.js                              0.69 kB │ gzip:   0.36 kB
dist/assets/sparkles-BQpw-7hO.js                             0.69 kB │ gzip:   0.40 kB
dist/assets/wand-sparkles-D6Ee-VL-.js                        0.69 kB │ gzip:   0.40 kB
dist/assets/shield-CiRPEZp8.js                               0.70 kB │ gzip:   0.37 kB
dist/assets/tooltip-wncOnWTU.js                              0.77 kB │ gzip:   0.43 kB
dist/assets/checkbox-xrWyZzss.js                             0.78 kB │ gzip:   0.44 kB
dist/assets/badge-B0C7DoGp.js                                0.79 kB │ gzip:   0.41 kB
dist/assets/useZones-BGk9zbTR.js                             0.83 kB │ gzip:   0.52 kB
dist/assets/qr-code-zqipFtCM.js                              0.83 kB │ gzip:   0.42 kB
dist/assets/officerPortalRouting-DPriy5Ls.js                 0.88 kB │ gzip:   0.41 kB
dist/assets/scroll-area-BFOWUgWF.js                          0.89 kB │ gzip:   0.46 kB
dist/assets/historicalImportAudit-CjNWmDj8.js                0.90 kB │ gzip:   0.45 kB
dist/assets/brain-DOoQPBmb.js                                0.91 kB │ gzip:   0.47 kB
dist/assets/zoom-out-DQvsQTG_.js                             0.92 kB │ gzip:   0.44 kB
dist/assets/megaphone-C6B6b--d.js                            0.95 kB │ gzip:   0.44 kB
dist/assets/keyAudits-BnT5ADhk.js                            0.98 kB │ gzip:   0.47 kB
dist/assets/switch-BwQlt3D5.js                               0.99 kB │ gzip:   0.53 kB
dist/assets/zoneFeatures-2qUQI6ax.js                         1.05 kB │ gzip:   0.54 kB
dist/assets/useBobBrain-BbLOCi7V.js                          1.09 kB │ gzip:   0.62 kB
dist/assets/card-eJ_N5Uap.js                                 1.10 kB │ gzip:   0.42 kB
dist/assets/utils-J9XJ0sKH.js                                1.24 kB │ gzip:   0.54 kB
dist/assets/GeofenceWarningBanner-Ccjq-5e5.js                1.25 kB │ gzip:   0.71 kB
dist/assets/croMetrics-9I8Vtpvr.js                           1.26 kB │ gzip:   0.54 kB
dist/assets/NetworkStatusBar-6EuWw3i-.js                     1.31 kB │ gzip:   0.66 kB
dist/assets/photoUtils-CeOkN8dW.js                           1.32 kB │ gzip:   0.62 kB
dist/assets/button-Dm3jui3T.js                               1.33 kB │ gzip:   0.64 kB
dist/assets/tabs-rzOgwaeW.js                                 1.42 kB │ gzip:   0.54 kB
dist/assets/useGeofenceOrgTransition-B-vzXMNP.js             1.44 kB │ gzip:   0.70 kB
dist/assets/operationsStore-Bh9w5mah.js                      1.47 kB │ gzip:   0.59 kB
dist/assets/table-B3Wa0jYx.js                                1.57 kB │ gzip:   0.56 kB
dist/assets/useSitePermissions-DbZvBcid.js                   1.62 kB │ gzip:   0.75 kB
dist/assets/RadioUI-5BVXQi6y.js                              1.83 kB │ gzip:   0.86 kB
dist/assets/radioTranslationService-BPyhNHXZ.js              1.89 kB │ gzip:   1.01 kB
dist/assets/PWAInstallPrompt-B47_v4p6.js                     1.95 kB │ gzip:   0.94 kB
dist/assets/scvUtils-DV71128J.js                             2.09 kB │ gzip:   0.96 kB
dist/assets/alert-dialog-999wgd5I.js                         2.14 kB │ gzip:   0.80 kB
dist/assets/useOperationalCases-C0AvcKcH.js                  2.44 kB │ gzip:   0.92 kB
dist/assets/ZoneGeofenceIndicator-CIXcFJUu.js                2.55 kB │ gzip:   1.05 kB
dist/assets/dialog-CUMncjFq.js                               2.65 kB │ gzip:   1.10 kB
dist/assets/dispatchJobs-B4fk4Y5m.js                         2.72 kB │ gzip:   1.14 kB
dist/assets/AsyncStateWrapper-PSCGKBT_.js                    2.80 kB │ gzip:   1.13 kB
dist/assets/MapFocusToolbar-D4f9Pu1q.js                      3.13 kB │ gzip:   1.38 kB
dist/assets/useShiftGate-FRy3w2q6.js                         3.17 kB │ gzip:   1.55 kB
dist/assets/FieldOfficerDispatch-B_3z8U3w.js                 3.32 kB │ gzip:   1.44 kB
dist/assets/select-DXtONWY8.js                               3.36 kB │ gzip:   1.23 kB
dist/assets/inferenceService-i57lKrt7.js                     3.80 kB │ gzip:   1.76 kB
dist/assets/documentExtraction-D8vyE1M3.js                   3.99 kB │ gzip:   1.66 kB
dist/assets/useWelfareCheckin-D3xapKq2.js                    4.22 kB │ gzip:   1.85 kB
dist/assets/ServiceProviderAccessSettings-BPehZFqi.js        4.70 kB │ gzip:   2.08 kB
dist/assets/PaperworkSearchAnimation-Dc5ib4LW.js             4.76 kB │ gzip:   1.32 kB
dist/assets/VOILookup-BUcleDj7.js                            4.91 kB │ gzip:   2.00 kB
dist/assets/PhotoIntegrityHealthLog-D1SIBAck.js              5.00 kB │ gzip:   2.05 kB
dist/assets/ptt-sfu-transport-BYxm9E7G.js                    5.08 kB │ gzip:   1.43 kB
dist/assets/usePointsOfInterest-CepEsHYz.js                  5.12 kB │ gzip:   1.21 kB
dist/assets/useBobIdentitySettings-DZBpid9u.js               5.16 kB │ gzip:   2.12 kB
dist/assets/GlobalFilterRibbon-CvnPLQss.js                   5.44 kB │ gzip:   1.97 kB
dist/assets/UserSessionsLog-BxDoNsHC.js                      5.52 kB │ gzip:   2.31 kB
dist/assets/RecentObservationPhotoStatusLog-CxwM7yH1.js      5.52 kB │ gzip:   2.24 kB
dist/assets/VehicleMigrationLog-Dv8NuY8H.js                  5.53 kB │ gzip:   2.19 kB
dist/assets/usePatrols-CbCGJYhe.js                           5.84 kB │ gzip:   2.06 kB
dist/assets/pdfExport-Cl-3cwZ4.js                            5.92 kB │ gzip:   2.14 kB
dist/assets/OfficerWelfareAlertsLog-CDwnZF-n.js              5.93 kB │ gzip:   2.31 kB
dist/assets/AlertAcknowledgementsLog-Dqjwv-Ft.js             6.05 kB │ gzip:   2.37 kB
dist/assets/RadioVoiceProfileLog-aa91oAsu.js                 6.08 kB │ gzip:   2.37 kB
dist/assets/GlobalOperationsBar-5ZE0Izol.js                  6.09 kB │ gzip:   2.00 kB
dist/assets/ObservationDeletionLog-Dzci_WpD.js               6.10 kB │ gzip:   2.38 kB
dist/assets/CaseCommentLog-CLoXFcq6.js                       6.10 kB │ gzip:   2.37 kB
dist/assets/RestrictionLog-BDp326l8.js                       6.19 kB │ gzip:   2.48 kB
dist/assets/NoiseEvidenceBundle-BEM-fabd.js                  6.31 kB │ gzip:   2.36 kB
dist/assets/ZoneDispatchRuleLog-1laaBcXq.js                  6.39 kB │ gzip:   2.54 kB
dist/assets/ComplianceAuditLog-B9_j_w6P.js                   6.52 kB │ gzip:   2.50 kB
dist/assets/RadioTranslationLog-hG_Sfjfv.js                  6.61 kB │ gzip:   2.56 kB
dist/assets/VehicleMonthlyStayLog-DbiOEBnX.js                6.67 kB │ gzip:   2.62 kB
dist/assets/LmrBridgeConfigLog-Cnxd1sHG.js                   6.68 kB │ gzip:   2.57 kB
dist/assets/RadioVoiceConsentLog-Fe5Gezm0.js                 6.69 kB │ gzip:   2.53 kB
dist/assets/UserDeactivationQueueLog-C8OuWvvZ.js             6.70 kB │ gzip:   2.65 kB
dist/assets/PhotoMetadataLog-BdxMDRdd.js                     6.79 kB │ gzip:   2.71 kB
dist/assets/ContractorDocumentLog-BugxrwPD.js                6.81 kB │ gzip:   2.67 kB
dist/assets/CanonicalHomelessLog-C8LoiQVg.js                 6.89 kB │ gzip:   2.67 kB
dist/assets/BobActionProposalEventLog-yGWUC58O.js            6.95 kB │ gzip:   2.70 kB
dist/assets/HomelessRecordLog-BRjXn-_w.js                    6.98 kB │ gzip:   2.58 kB
dist/assets/OrganizationLog-BKv1R65U.js                      7.08 kB │ gzip:   2.62 kB
dist/assets/RadioTransmissionLog-BMPfYwME.js                 7.09 kB │ gzip:   2.72 kB
dist/assets/RadioCommsEventLog-DjzTk6tV.js                   7.10 kB │ gzip:   2.66 kB
dist/assets/BobProposalEventLog-DfdOdMgz.js                  7.11 kB │ gzip:   2.70 kB
dist/assets/OpsLivePlanReviewQueue-CcYTapVH.js               7.13 kB │ gzip:   2.60 kB
dist/assets/ClientSiteLog-D_MAp2dQ.js                        7.16 kB │ gzip:   2.64 kB
dist/assets/OfficerActivityLog-DyWE84e-.js                   7.17 kB │ gzip:   2.78 kB
dist/assets/RadioTtsRenderLog-CTLNoQYn.js                    7.17 kB │ gzip:   2.70 kB
dist/assets/FeatureFlagEvaluationLog-DThfKHhC.js             7.19 kB │ gzip:   2.61 kB
dist/assets/ZoneSignageEvidenceLog-BOE7az8Z.js               7.25 kB │ gzip:   2.71 kB
dist/assets/FeatureFlagRolloutLog-1pHgBPpX.js                7.25 kB │ gzip:   2.58 kB
dist/assets/ParkingZoneLog-BpWflDWh.js                       7.27 kB │ gzip:   2.74 kB
dist/assets/ZoneLegalConfigLog-BL6UI7fd.js                   7.28 kB │ gzip:   2.67 kB
dist/assets/RadioTranscriptLog-BfyoVIZl.js                   7.29 kB │ gzip:   2.78 kB
dist/assets/ParkingPermitLog-DmJL2koH.js                     7.30 kB │ gzip:   2.74 kB
dist/assets/FixedCameraLog-Z5piv4pN.js                       7.37 kB │ gzip:   2.71 kB
dist/assets/InfringementNoticeLog-DhFuMH0W.js                7.38 kB │ gzip:   2.69 kB
dist/assets/PublicDisputePortal-Co-pLWAZ.js                  7.39 kB │ gzip:   2.49 kB
dist/assets/DispatchAcknowledgementLog-Ddx8ojd3.js           7.39 kB │ gzip:   2.87 kB
dist/assets/OfficerAvailabilityLog-iwkmc0ro.js               7.40 kB │ gzip:   2.87 kB
dist/assets/PrivacyCurtain-KgBJXAQs.js                       7.41 kB │ gzip:   2.87 kB
dist/assets/PatrolSessionEventLog-DTrTZ48J.js                7.41 kB │ gzip:   2.93 kB
dist/assets/DispatchResourceLog-BkiEP-Ou.js                  7.44 kB │ gzip:   2.68 kB
dist/assets/CanonicalScvLog-BU7WPJ0q.js                      7.46 kB │ gzip:   2.77 kB
dist/assets/FaceRecordLog-DKEMNgSp.js                        7.46 kB │ gzip:   2.74 kB
dist/assets/PatrolCheckpointLog-BXh_Scle.js                  7.47 kB │ gzip:   2.76 kB
dist/assets/OfficerShiftLog-CMtNW4vx.js                      7.48 kB │ gzip:   2.72 kB
dist/assets/PortalSelection-BR2amlAt.js                      7.54 kB │ gzip:   2.92 kB
dist/assets/LmrBridgeSessionLog-Bj9ZvHzT.js                  7.57 kB │ gzip:   2.90 kB
dist/assets/HealthSafetyReportLog-vXoXLsBe.js                7.57 kB │ gzip:   2.74 kB
dist/assets/DataManagement-DOtycPb2.js                       7.60 kB │ gzip:   2.23 kB
dist/assets/PatrolKPIDashboard-BzGUOQ_d.js                   7.60 kB │ gzip:   2.65 kB
dist/assets/FlaggedVehicleLog-BvOQZjXv.js                    7.62 kB │ gzip:   2.81 kB
dist/assets/NotificationLog-DwUIK0KV.js                      7.63 kB │ gzip:   2.77 kB
dist/assets/ContractorProfileLog-DDzDff3r.js                 7.63 kB │ gzip:   2.69 kB
dist/assets/ZoneComplianceMatrixLog-CX3AB1VL.js              7.66 kB │ gzip:   2.77 kB
dist/assets/WelfareEventB1Log-Dq0_fVeO.js                    7.68 kB │ gzip:   2.72 kB
dist/assets/ObservationZoneAuditLog-B4NOCnzX.js              7.69 kB │ gzip:   2.70 kB
dist/assets/OperationalCaseLog-DTVFt8zu.js                   7.71 kB │ gzip:   2.85 kB
dist/assets/ZoneGeofenceSnapshotLog-BS-FdzKn.js              7.72 kB │ gzip:   2.71 kB
dist/assets/MissingPhotoQueueLog-Bp8jrIf3.js                 7.73 kB │ gzip:   2.80 kB
dist/assets/IncidentLog-Di4q43sJ.js                          7.78 kB │ gzip:   2.79 kB
dist/assets/ImportStagingLog-C1bOccsn.js                     7.82 kB │ gzip:   2.80 kB
dist/assets/PatrolRouteLog-CHSeJa5j.js                       7.83 kB │ gzip:   2.81 kB
dist/assets/EmsAttendanceLog-DQKvIcSh.js                     7.85 kB │ gzip:   2.99 kB
dist/assets/emergencyAssistBridge-pEsi36rw.js                7.88 kB │ gzip:   3.05 kB
dist/assets/FlaggedVehicleManager-BUQx94LJ.js                7.93 kB │ gzip:   2.93 kB
dist/assets/PTTTransmissionLog-pXukvRS1.js                   7.94 kB │ gzip:   2.91 kB
dist/assets/usePatrolRouteInstances-DcmH4oSx.js              7.95 kB │ gzip:   2.45 kB
dist/assets/OpenShiftLog-DmHa0IAp.js                         7.96 kB │ gzip:   2.82 kB
dist/assets/AccessAuditLog-BflQPu7b.js                       7.98 kB │ gzip:   3.06 kB
dist/assets/BreachAlertLog-ClWkyqeV.js                       7.99 kB │ gzip:   2.80 kB
dist/assets/CanonicalPersonsLog-D2tOvTwF.js                  7.99 kB │ gzip:   2.91 kB
dist/assets/OfficerSkillsLog-Ce2Chf9_.js                     8.02 kB │ gzip:   2.85 kB
dist/assets/Disputes-DbmosJIs.js                             8.08 kB │ gzip:   2.94 kB
dist/assets/PatrolFieldEventLog-B3Dswvrt.js                  8.12 kB │ gzip:   2.87 kB
dist/assets/BobIntakeQueue-B7Xd0nS0.js                       8.15 kB │ gzip:   2.95 kB
dist/assets/ParkingInfringementLog-tewlthVA.js               8.16 kB │ gzip:   2.99 kB
dist/assets/AdminRecalculationLog-OEjhryu_.js                8.17 kB │ gzip:   2.93 kB
dist/assets/FeatureFlagManager-DjpBNym5.js                   8.23 kB │ gzip:   2.91 kB
dist/assets/PersonRecordLog-CMbN3h_t.js                      8.23 kB │ gzip:   2.88 kB
dist/assets/PhotoRecoveryAuditLog-CceTrrhU.js                8.25 kB │ gzip:   3.01 kB
dist/assets/NoiseJobLog-C4Lo_--f.js                          8.33 kB │ gzip:   2.89 kB
dist/assets/ObservationsReport-DjWgR31F.js                   8.34 kB │ gzip:   3.21 kB
dist/assets/DisputeIntakeLog-BCMCzNVT.js                     8.37 kB │ gzip:   2.93 kB
dist/assets/ParkingPaymentLog-Dz47PaTT.js                    8.37 kB │ gzip:   3.07 kB
dist/assets/HealthSafetyReports-CUcXXH2k.js                  8.38 kB │ gzip:   3.09 kB
dist/assets/GrandMasterRawDataBrowser-BSpe4Wzi.js            8.40 kB │ gzip:   3.26 kB
dist/assets/VehiclesOfInterestLog-w8KJgWPz.js                8.40 kB │ gzip:   3.07 kB
dist/assets/TrespassNoticeLog-B7QUEvVY.js                    8.44 kB │ gzip:   3.03 kB
dist/assets/ZoneSignageEvidence-D47IUqkY.js                  8.48 kB │ gzip:   3.13 kB
dist/assets/ImportBatchLog-CdDbniws.js                       8.50 kB │ gzip:   2.99 kB
dist/assets/SiteRiskAssessmentLog-DSvXps8A.js                8.54 kB │ gzip:   3.06 kB
dist/assets/DispatchEventLog-DvSQvrkq.js                     8.58 kB │ gzip:   3.00 kB
dist/assets/BobProposalLog-C0xT4WQU.js                       8.59 kB │ gzip:   2.97 kB
dist/assets/EnforcementEventLog-Cx5ukCd0.js                  8.60 kB │ gzip:   3.10 kB
dist/assets/ObservationLog-Da0d59c_.js                       8.64 kB │ gzip:   2.97 kB
dist/assets/WelfareCheckinLog-z7o8nZfl.js                    8.70 kB │ gzip:   2.84 kB
dist/assets/InvestigationJobLog-BgebVHz8.js                  8.79 kB │ gzip:   3.21 kB
dist/assets/LocationsOfInterestLog-BS4VdAWD.js               8.79 kB │ gzip:   2.99 kB
dist/assets/ComplianceResultLog-BFBfMFZf.js                  8.80 kB │ gzip:   2.85 kB
dist/assets/NoiseSeizureLog-DbhsKUGF.js                      8.82 kB │ gzip:   3.14 kB
dist/assets/CanonicalVehicleLog-Cy0Dp7Ab.js                  8.83 kB │ gzip:   2.98 kB
dist/assets/CheckpointVisitLog-os7xAUY9.js                   8.91 kB │ gzip:   3.32 kB
dist/assets/Login-DJCd3ovd.js                                8.92 kB │ gzip:   3.09 kB
dist/assets/ParkingSessionLog-5omhBVq5.js                    8.93 kB │ gzip:   3.17 kB
dist/assets/geofence-06gD4e1q.js                             8.94 kB │ gzip:   2.90 kB
dist/assets/RadioTransmissionsLog-Bcpa4Qk8.js                9.13 kB │ gzip:   3.28 kB
dist/assets/PersonsOfInterestLog-D1VtRJv9.js                 9.17 kB │ gzip:   3.18 kB
dist/assets/PatrolNavigation-UZD9SHbX.js                     9.19 kB │ gzip:   3.47 kB
dist/assets/PersonObservationLog-ObWVFjTN.js                 9.22 kB │ gzip:   3.32 kB
dist/assets/VehicleDiscrepancyLog-BZVsQ3n0.js                9.22 kB │ gzip:   3.38 kB
dist/assets/AlertQueueLog-BtOixonv.js                        9.25 kB │ gzip:   3.09 kB
dist/assets/PatrolEventLog-DB3Ozd1k.js                       9.26 kB │ gzip:   2.92 kB
dist/assets/OpenShiftManager-DrwjGSbu.js                     9.31 kB │ gzip:   3.34 kB
dist/assets/DriftEventLog-2LYIYEEo.js                        9.34 kB │ gzip:   3.36 kB
dist/assets/AlarmEventLog-uZIUYmBa.js                        9.37 kB │ gzip:   3.33 kB
dist/assets/Profile-UU2GRq5E.js                              9.38 kB │ gzip:   3.06 kB
dist/assets/PersonInteractionLog-DcpUYiGy.js                 9.44 kB │ gzip:   3.43 kB
dist/assets/DispatchLOIBrowser-DzEXeaZB.js                   9.45 kB │ gzip:   3.30 kB
dist/assets/RevenueForecast-9E3uiKno.js                      9.51 kB │ gzip:   3.42 kB
dist/assets/BugReportLog-C4HVZ8X0.js                         9.55 kB │ gzip:   3.25 kB
dist/assets/BreachNotices-C9oPycU9.js                        9.60 kB │ gzip:   3.56 kB
dist/assets/ZoneLegalConfigViewer-Lo3ZWYwS.js                9.61 kB │ gzip:   3.16 kB
dist/assets/EvidencePhotoLinker-D5qefb5_.js                  9.64 kB │ gzip:   3.43 kB
dist/assets/EvidencePackages-VN0WhNfU.js                     9.70 kB │ gzip:   3.30 kB
dist/assets/CredentialProcessingLog-CMpYDE44.js              9.82 kB │ gzip:   3.62 kB
dist/assets/OfficerPerformanceReport-lkWcT7QU.js             9.82 kB │ gzip:   3.20 kB
dist/assets/NoiseAssessmentLog-CiqzcgaF.js                   9.89 kB │ gzip:   3.36 kB
dist/assets/ComplianceAnalytics-DAwDkX0f.js                  9.90 kB │ gzip:   3.26 kB
dist/assets/ZoneGeofenceEditor-DicZT5QS.js                   9.94 kB │ gzip:   3.40 kB
dist/assets/ContractorManager-BljDz3mL.js                    9.95 kB │ gzip:   3.49 kB
dist/assets/ComplianceEscalations-BucFud0I.js                9.99 kB │ gzip:   3.96 kB
dist/assets/HotspotsMap-Du80vZTd.js                          9.99 kB │ gzip:   3.64 kB
dist/assets/RosterShiftLog-D61d6UPT.js                      10.03 kB │ gzip:   3.55 kB
dist/assets/ClientMasterList-CH6zxAEm.js                    10.05 kB │ gzip:   3.41 kB
dist/assets/PublicPayByPlate-DYhQeuVy.js                    10.05 kB │ gzip:   3.27 kB
dist/assets/IncidentEvidenceBundle-CnKbaNf4.js              10.09 kB │ gzip:   3.48 kB
dist/assets/PublicFreedomCampingMap-BDU5O86f.js             10.16 kB │ gzip:   3.19 kB
dist/assets/VehicleDiscrepancies-DbtGaYCg.js                10.31 kB │ gzip:   3.61 kB
dist/assets/PricingRuleLog-C0rdKysR.js                      10.37 kB │ gzip:   3.73 kB
dist/assets/SiteIncidentLog-DGOjwX3Y.js                     10.42 kB │ gzip:   3.54 kB
dist/assets/DataIntegrityDashboard-DDFZaZI0.js              10.48 kB │ gzip:   3.13 kB
dist/assets/PlateScanLog-ClmnQeIC.js                        10.53 kB │ gzip:   3.72 kB
dist/assets/EnforcementActionLog-BM8vgIwU.js                10.56 kB │ gzip:   3.68 kB
dist/assets/SiteRiskTrends-CyqhhCP1.js                      10.60 kB │ gzip:   3.58 kB
dist/assets/POIVOIDashboard-vMb4k4qa.js                     10.60 kB │ gzip:   3.20 kB
dist/assets/NoticeToVacateLog-D8K0TDXM.js                   10.64 kB │ gzip:   3.66 kB
dist/assets/PatrolRouteOptimiser-DOclxt2S.js                10.73 kB │ gzip:   3.85 kB
dist/assets/BreachEscalation-8iF87yve.js                    10.76 kB │ gzip:   3.25 kB
dist/assets/VoiceProfilesConsent-xj9PYxdw.js                10.78 kB │ gzip:   3.21 kB
dist/assets/PublicParkingAppealPortal-DJTzW3EB.js           10.92 kB │ gzip:   3.77 kB
dist/assets/LiveOfficerTracking-DOy8XnDl.js                 11.00 kB │ gzip:   3.71 kB
dist/assets/AuditLog-ZZuovPGh.js                            11.06 kB │ gzip:   3.51 kB
dist/assets/OccupancyAnalytics-Jobh-qGU.js                  11.07 kB │ gzip:   3.34 kB
dist/assets/PatrolChainAudits-RJEZTWjg.js                   11.13 kB │ gzip:   3.64 kB
dist/assets/EnforcementReview-DRHAkwAP.js                   11.15 kB │ gzip:   3.87 kB
dist/assets/NoiseNoticeLog-Dt9uXhl-.js                      11.21 kB │ gzip:   3.43 kB
dist/assets/MobilePlateFinder-DqIfNeIT.js                   11.22 kB │ gzip:   3.78 kB
dist/assets/PublicNoiseComplaintPortal-DSeL0r9F.js          11.22 kB │ gzip:   3.47 kB
dist/assets/BriefingVideoSuite-DLa8jlQx.js                  11.28 kB │ gzip:   3.72 kB
dist/assets/IncidentHeatmap-DskH6XNH.js                     11.29 kB │ gzip:   3.73 kB
dist/assets/NZSCVMonitor-DCeDMjsP.js                        11.49 kB │ gzip:   3.68 kB
dist/assets/InvestigationJobConfig-B6xkwPL8.js              11.60 kB │ gzip:   3.42 kB
dist/assets/ZoneAmenities-5PNxB5lV.js                       11.80 kB │ gzip:   4.13 kB
dist/assets/AlarmEvents-DhDHLaLG.js                         12.00 kB │ gzip:   3.90 kB
dist/assets/DispatchJobLog-DbjfG1eD.js                      12.02 kB │ gzip:   4.04 kB
dist/assets/UniversalSearch-B-AENpIW.js                     12.15 kB │ gzip:   3.35 kB
dist/assets/NoiseComplaintsLog-BxPOYw28.js                  12.17 kB │ gzip:   3.95 kB
dist/assets/FaceRecognitionPage-C06Tz7a_.js                 12.17 kB │ gzip:   4.27 kB
dist/assets/useBreaches-nFoNFAZJ.js                         12.19 kB │ gzip:   3.59 kB
dist/assets/DataCleanupUtility-CbWc3CYF.js                  12.28 kB │ gzip:   3.97 kB
dist/assets/DispatchedJobsList-BfM-JGQT.js                  12.30 kB │ gzip:   4.13 kB
dist/assets/ParkingPermitManager-zm-s0Hg5.js                12.37 kB │ gzip:   4.06 kB
dist/assets/OpenShifts-D-YYD9XM.js                          12.51 kB │ gzip:   4.23 kB
dist/assets/IntelApprovalQueue-vc-Js6qf.js                  12.52 kB │ gzip:   3.98 kB
dist/assets/index-D7JER43Q.js                               12.81 kB │ gzip:   5.96 kB
dist/assets/CamperRegistrations-CbKZ_K3U.js                 12.86 kB │ gzip:   3.82 kB
dist/assets/LMRBridge-CQCpgYtf.js                           12.86 kB │ gzip:   4.16 kB
dist/assets/CanonicalPersonViewer-DJNz4pvZ.js               13.02 kB │ gzip:   4.11 kB
dist/assets/PersonRecords-DlIcAjGT.js                       13.07 kB │ gzip:   4.29 kB
dist/assets/InvestigationJobsPage-CMkKStmq.js               13.13 kB │ gzip:   4.30 kB
dist/assets/ObservationsView-2ay-s0C5.js                    13.26 kB │ gzip:   4.51 kB
dist/assets/TestDashboard-D895qTHV.js                       13.27 kB │ gzip:   4.13 kB
dist/assets/PatrolCheckpointManagement-DERR7AMA.js          13.41 kB │ gzip:   3.82 kB
dist/assets/TrespassNotices-CYl3dBvo.js                     13.41 kB │ gzip:   4.16 kB
dist/assets/EnforcementCommandCenter-U-OPmuzS.js            13.45 kB │ gzip:   3.95 kB
dist/assets/OnCallPeriods-sZ7nCXr4.js                       13.51 kB │ gzip:   4.49 kB
dist/assets/PublicCamperRegistration--UEKpCHt.js            13.77 kB │ gzip:   4.35 kB
dist/assets/ParkingAppeals-Z5lQgJbn.js                      13.91 kB │ gzip:   4.23 kB
dist/assets/EMSPortal-DYia_Sk6.js                           14.01 kB │ gzip:   4.56 kB
dist/assets/CohortAnalysis-DGEi_wzF.js                      14.02 kB │ gzip:   3.66 kB
dist/assets/DynamicPricing-C766EslA.js                      14.10 kB │ gzip:   4.69 kB
dist/assets/TenderWorkspace-D9pctDz3.js                     14.18 kB │ gzip:   5.16 kB
dist/assets/AccessPermissions-BGRY9kaX.js                   14.23 kB │ gzip:   4.41 kB
dist/assets/CalloutShifts-OoQL1bjO.js                       14.30 kB │ gzip:   4.62 kB
dist/assets/PhotoReingest-DzF1G8FE.js                       14.49 kB │ gzip:   4.53 kB
dist/assets/FixedCameras-DF274xTG.js                        14.55 kB │ gzip:   4.61 kB
dist/assets/usePublicLocale-BDbc-lJ1.js                     14.55 kB │ gzip:   6.81 kB
dist/assets/PatrolScheduleManagement-DWgFKXqd.js            14.71 kB │ gzip:   4.06 kB
dist/assets/LeaveManagement-CgEQB178.js                     14.74 kB │ gzip:   4.36 kB
dist/assets/index-DZHqj2VB.js                               14.77 kB │ gzip:   6.35 kB
dist/assets/FaceRecognition-DcHq6J1I.js                     14.99 kB │ gzip:   5.00 kB
dist/assets/SitePermissionsAdmin-C_yYGd3h.js                15.04 kB │ gzip:   4.88 kB
dist/assets/CRMModule-8OoCY7Wr.js                           15.06 kB │ gzip:   4.52 kB
dist/assets/historicalPatrolIntelligence-Bxh7PFBC.js        15.38 kB │ gzip:   4.99 kB
dist/assets/BobUIReview-bIsNXhQN.js                         15.60 kB │ gzip:   5.31 kB
dist/assets/AdminHub-Bvkq8B_2.js                            15.69 kB │ gzip:   5.29 kB
dist/assets/TimesheetReview-nN7SQ_D-.js                     16.12 kB │ gzip:   5.12 kB
dist/assets/OfficerWelfareSettings-DIN29EIs.js              16.31 kB │ gzip:   4.86 kB
dist/assets/CleanupAndRecalculate-D2y3x3zC.js               16.66 kB │ gzip:   5.16 kB
dist/assets/ImportHistoricalData-Bfuz7niQ.js                16.80 kB │ gzip:   5.30 kB
dist/assets/CaseBridge-BeFs3y8y.js                          17.00 kB │ gzip:   4.96 kB
dist/assets/useFieldOfficerMutations-BdwJOZE7.js            17.38 kB │ gzip:   6.88 kB
dist/assets/DispatchMonitor-DiqZ4c5g.js                     17.39 kB │ gzip:   5.63 kB
dist/assets/ObservationRecords-8__o6FuK.js                  17.49 kB │ gzip:   5.64 kB
dist/assets/AccessControlPage-DZNLU0u6.js                   18.45 kB │ gzip:   5.95 kB
dist/assets/DispatchWizard-CwaSseAR.js                      18.81 kB │ gzip:   5.51 kB
dist/assets/NotificationsCenter-OlDuIZWl.js                 19.07 kB │ gzip:   6.14 kB
dist/assets/OrganizationManagement-BxZ6j1HC.js              19.32 kB │ gzip:   5.25 kB
dist/assets/TravelAllowances-BkazOSM_.js                    19.42 kB │ gzip:   5.48 kB
dist/assets/ComplianceRecalculation-BkRel5dv.js             19.42 kB │ gzip:   5.16 kB
dist/assets/DataManagementHub-CODqIudM.js                   19.95 kB │ gzip:   5.76 kB
dist/assets/JobMap-BiLhxgYS.js                              20.35 kB │ gzip:   7.00 kB
dist/assets/FieldSafetyBar-IiVI67Gb.js                      20.77 kB │ gzip:   6.43 kB
dist/assets/IncidentReports-BoWQi8dc.js                     20.92 kB │ gzip:   5.52 kB
dist/assets/LivePatrolMonitor-QcomfFOO.js                   21.49 kB │ gzip:   5.76 kB
dist/assets/ClientAccountPage-BNUsnMPd.js                   21.78 kB │ gzip:   5.56 kB
dist/assets/SiteRiskAssessment-DFa-9_zd.js                  21.92 kB │ gzip:   6.45 kB
dist/assets/Settings-B7TIjLTV.js                            21.94 kB │ gzip:   6.16 kB
dist/assets/BiosecurityControlPage-ByBNdsd2.js              22.07 kB │ gzip:   5.34 kB
dist/assets/OfficerAllowances-DAk7BpFE.js                   22.22 kB │ gzip:   6.08 kB
dist/assets/OrganizationProfile-DH9vhA3x.js                 22.26 kB │ gzip:   5.61 kB
dist/assets/IncidentManagement-vjbDtI-C.js                  22.38 kB │ gzip:   7.18 kB
dist/assets/OfficerAvailability-Cr_9Iatw.js                 23.08 kB │ gzip:   5.90 kB
dist/assets/NoticeToVacate-DroYBBMU.js                      23.54 kB │ gzip:   7.62 kB
dist/assets/ContractorAccountPage-BDkLN696.js               23.60 kB │ gzip:   6.43 kB
dist/assets/RadioAuditDashboard-Dxv2SHSB.js                 23.62 kB │ gzip:   5.98 kB
dist/assets/CustomReportBuilder-DHux_QfR.js                 24.06 kB │ gzip:   7.34 kB
dist/assets/TenderReferenceLibrary-D72E6q_y.js              24.48 kB │ gzip:   7.37 kB
dist/assets/Compliance-BGz7-YMG.js                          24.54 kB │ gzip:   6.61 kB
dist/assets/SmokeComplaintControlPage-UtaUBNHQ.js           24.60 kB │ gzip:   6.01 kB
dist/assets/vendor-forms-DVV8oGkY.js                        24.71 kB │ gzip:   9.25 kB
dist/assets/VehicleRegistry-CarJloHi.js                     24.93 kB │ gzip:   6.93 kB
dist/assets/BobStudio-GfnYw2F9.js                           25.01 kB │ gzip:   8.27 kB
dist/assets/ChatStudio-BD-YbM1-.js                          25.05 kB │ gzip:   8.54 kB
dist/assets/ServiceAgreements-CSzm2dOn.js                   25.44 kB │ gzip:   6.36 kB
dist/assets/OperationsMap-CcIaLlED.js                       26.54 kB │ gzip:   7.01 kB
dist/assets/VehicleDetailPage-DArcTE8q.js                   26.58 kB │ gzip:   6.99 kB
dist/assets/OfficerHomePage-BycbZBJd.js                     27.69 kB │ gzip:   8.67 kB
dist/assets/EnforcementActions-Cyc-0tsW.js                  28.16 kB │ gzip:   7.71 kB
dist/assets/BiosecurityOfficerPortal-_HZt8ySS.js            28.53 kB │ gzip:   8.44 kB
dist/assets/CanonicalRecordsManager-D2Ikr5-X.js             29.09 kB │ gzip:   6.50 kB
dist/assets/PointsOfInterest-BtF6HHcD.js                    29.58 kB │ gzip:   6.65 kB
dist/assets/Reports-DTGMhpnq.js                             29.72 kB │ gzip:   7.57 kB
dist/assets/InfringementNotices-CciOY504.js                 29.82 kB │ gzip:   8.96 kB
dist/assets/ClientSites-Br1Ov1QL.js                         29.93 kB │ gzip:   7.65 kB
dist/assets/SmokeComplaintOfficerPortal-vyOiRbEU.js         30.71 kB │ gzip:   8.44 kB
dist/assets/ClientOrganisationPortal-D3RcpFxg.js            31.32 kB │ gzip:   7.86 kB
dist/assets/CompliancePage-CY8BM17S.js                      31.32 kB │ gzip:   8.37 kB
dist/assets/SiteGuardPortal-NwmLOzKi.js                     31.59 kB │ gzip:   8.89 kB
dist/assets/CleanDashboard-CP8s0mq2.js                      32.25 kB │ gzip:   6.77 kB
dist/assets/SpatialComplianceAdmin-7RMkc8Aq.js              33.65 kB │ gzip:   8.95 kB
dist/assets/Platform-tr2UxV1w.js                            34.38 kB │ gzip:  10.13 kB
dist/assets/ZoneManagement-5RtM7l55.js                      35.55 kB │ gzip:   8.71 kB
dist/assets/VehicleManagement-BAW4p1bW.js                   35.64 kB │ gzip:  10.17 kB
dist/assets/DispatchConsole-yVmwwrGB.js                     36.77 kB │ gzip:  10.23 kB
dist/assets/ParkingEnforcementPortal-Dmuc5wXW.js            37.43 kB │ gzip:   9.43 kB
dist/assets/NoiseControlPortal-C5e3eI7l.js                  37.59 kB │ gzip:   8.87 kB
dist/assets/ParkingOfficerPortal-Bmcv7rO0.js                41.25 kB │ gzip:  11.70 kB
dist/assets/InvoicingPage-xtStN86r.js                       42.01 kB │ gzip:  11.24 kB
dist/assets/vendor-query-Dm-c0Bng.js                        42.20 kB │ gzip:  12.75 kB
dist/assets/ImportData-C5LvQhjy.js                          42.58 kB │ gzip:  12.00 kB
dist/assets/GrandmasterCodingStudio-Cn9SSEfF.js             43.68 kB │ gzip:  11.00 kB
dist/assets/AiAnalysis-C5ocqgu4.js                          44.76 kB │ gzip:  14.94 kB
dist/assets/PricingPage-CNATmm9Y.js                         49.64 kB │ gzip:  11.56 kB
dist/assets/IdentityVerificationPage-Bg0ZbvxH.js            50.92 kB │ gzip:  12.75 kB
dist/assets/RosterPlanner-D0Lv74Cg.js                       52.43 kB │ gzip:  15.04 kB
dist/assets/NoiseOfficerPortal-CyiXEXMI.js                  55.75 kB │ gzip:  15.10 kB
dist/assets/UserManagement-DrTeXZjo.js                      56.51 kB │ gzip:  13.20 kB
dist/assets/vendor-utils-Dxjw1MVl.js                        57.61 kB │ gzip:  17.55 kB
dist/assets/TenderWorkspaceDetail-6qk2ARv0.js               57.88 kB │ gzip:  15.56 kB
dist/assets/BreachAlerts-CVIUYIOb.js                        62.18 kB │ gzip:  14.88 kB
dist/assets/OfficerSkills-tVhSKJDF.js                       70.36 kB │ gzip:  17.78 kB
dist/assets/index-BJb1VJ7x.js                               75.77 kB │ gzip:  19.50 kB
dist/assets/AdminPortal-DLNq5tBv.js                         95.78 kB │ gzip:  22.87 kB
dist/assets/AppLayout-CtRidYQK.js                          104.45 kB │ gzip:  30.15 kB
dist/assets/PTTRadio-BU_rg5Mw.js                           108.60 kB │ gzip:  28.60 kB
dist/assets/CleanAppScaffold-Djo7SSz2.js                   110.40 kB │ gzip:  22.69 kB
dist/assets/SystemDiagnostics-uz8pIu2a.js                  131.70 kB │ gzip:  16.29 kB
dist/assets/vendor-radix-DXjU6Fuv.js                       137.97 kB │ gzip:  42.53 kB
dist/assets/App-DkicMGSI.js                                157.77 kB │ gzip:  32.02 kB
dist/assets/vendor-react-CBccEHew.js                       163.55 kB │ gzip:  53.36 kB
dist/assets/vendor-supabase-CQ0N-oZM.js                    194.28 kB │ gzip:  51.04 kB
dist/assets/vendor-maps-Df_Oxg0r.js                        198.77 kB │ gzip:  59.80 kB
dist/assets/FieldOfficerPortal-qAvrdkwK.js                 214.74 kB │ gzip:  54.59 kB
dist/assets/createLucideIcon-CqtuVpos.js                   223.80 kB │ gzip:  50.17 kB
dist/assets/BobAssistantStudio-jR4RZdjf.js                 372.16 kB │ gzip: 113.36 kB
dist/assets/vendor-xlsx-D_0l8YDs.js                        429.03 kB │ gzip: 141.91 kB
dist/assets/vendor-charts-CUu85PJR.js                      433.84 kB │ gzip: 114.57 kB
dist/assets/pdf-DeWlx49F.js                                458.39 kB │ gzip: 135.59 kB
dist/assets/AssetManagement-C_w0jFFk.js                    479.82 kB │ gzip: 122.60 kB
dist/assets/index-BHUYLE_j.js                              493.74 kB │ gzip: 129.45 kB
✓ built in 21.01s
